Microchip MPLAB XC8 Compiler V1.36 ()

Linker command line:

-W-3 --edf=C:\Program Files (x86)\Microchip\xc8\v1.36\dat\en_msgs.txt -cs \
  -h+dist/default/production\PICnPlace.production.sym \
  --cmf=dist/default/production\PICnPlace.production.cmf -z -Q18F4550 \
  -oC:\Users\swg\AppData\Local\Temp\s398.2 \
  -Mdist/default/production/PICnPlace.production.map -E1 -ver=XC8 \
  -ASTACK=0128h-07ffh -pstack=STACK -ACODE=00h-07FFFh -ACONST=00h-07FFFh \
  -ASMALLCONST=0800h-08FFhx120 -AMEDIUMCONST=0800h-07FFFh -ACOMRAM=01h-05Fh \
  -AABS1=00h-07FFh -ABIGRAM=01h-07FFh -ARAM=060h-0FFh,0100h-01FFhx7 \
  -ABANK0=060h-0FFh -ABANK1=0100h-01FFh -ABANK2=0200h-02FFh \
  -ABANK3=0300h-03FFh -ABANK4=0400h-04FFh -ABANK5=0500h-05FFh \
  -ABANK6=0600h-06FFh -ABANK7=0700h-07FFh -ASFR=0F60h-0FFFh \
  -preset_vec=00h,intcode=08h,intcodelo,powerup,init,end_init \
  -pramtop=0800h -psmallconst=SMALLCONST -pmediumconst=MEDIUMCONST \
  -pconst=CONST -AFARRAM=00h-00h -ACONFIG=0300000h-030000Dh -pconfig=CONFIG \
  -AIDLOC=0200000h-0200007h -pidloc=IDLOC -AEEDATA=0F00000h-0F000FFh \
  -peeprom_data=EEDATA \
  -prdata=COMRAM,nvrram=COMRAM,nvbit=COMRAM,rbss=COMRAM,rbit=COMRAM \
  -pfarbss=FARRAM,fardata=FARRAM,nvFARRAM=FARRAM \
  -pintsave_regs=BIGRAM,bigbss=BIGRAM,bigdata=BIGRAM -pbss=RAM \
  -pidata=CODE,irdata=CODE,ibigdata=CODE,ifardata=CODE -prparam=COMRAM \
  C:\Users\swg\AppData\Local\Temp\s398.obj \
  dist/default/production\PICnPlace.production.obj 

Object code version is 3.11

Machine type is 18F4550

Call graph: (short form)




                Name                               Link     Load   Length Selector   Space Scale
C:\Users\swg\AppData\Local\Temp\s398.obj
                end_init                             16       16        4        4       0
                reset_vec                             0        0        4        0       0
                idloc                            200000   200000        8   200000       0
                config                           300000   300000        E   300000       0
dist/default/production\PICnPlace.production.obj
                intcode                               8        8        E        4       0
                temp                                 50       50        1        1       1
                smallconst                          800      800       DE      400       0
                text54                             42F6     42F6        C      46F       0
                text53                             40B0     40B0       3E      46F       0
                intcode_body                       3B3A     3B3A       7A      46F       0
                text51                             3FCA     3FCA       50      46F       0
                text50                             41C6     41C6       2C      46F       0
                text49                             387A     387A       AE      46F       0
                text48                             3BB4     3BB4       78      46F       0
                text47                             354E     354E       E6      46F       0
                text46                             3928     3928       90      46F       0
                text45                             345A     345A       F4      46F       0
                text44                             4262     4262       24      46F       0
                text43                             3E32     3E32       56      46F       0
                text42                             42A8     42A8       1E      46F       0
                text41                             4218     4218       26      46F       0
                text40                             1F48     1F48      3B6      46F       0
                text39                             4286     4286       22      46F       0
                text38                             2DE0     2DE0      1FE      46F       0
                text37                             3238     3238      11C      46F       0
                text36                             423E     423E       24      46F       0
                text35                             40EE     40EE       3C      46F       0
                text34                             16BA     16BA      49E      46F       0
                text33                             4162     4162       38      46F       0
                text32                             3354     3354      106      46F       0
                text31                             4066     4066       4A      46F       0
                text30                             401A     401A       4C      46F       0
                text29                             3E88     3E88       52      46F       0
                text28                             41F2     41F2       26      46F       0
                text27                             267C     267C      31A      46F       0
                text26                             10D2     10D2      5E8      46F       0
                text25                             22FE     22FE      37E      46F       0
                text24                             419A     419A       2C      46F       0
                text23                             3A3C     3A3C       82      46F       0
                text22                             3D70     3D70       66      46F       0
                text21                             3DD6     3DD6       5C      46F       0
                text20                             3110     3110      128      46F       0
                text19                             2FDE     2FDE      132      46F       0
                text18                             39B8     39B8       84      46F       0
                text17                             3C2C     3C2C       70      46F       0
                text16                             2996     2996      246      46F       0
                text15                             1B58     1B58      3F0      46F       0
                text14                              8DE      8DE      7F4      46F       0
                text13                             3C9C     3C9C       6C      46F       0
                text12                             3F7A     3F7A       50      46F       0
                text11                             3F2A     3F2A       50      46F       0
                text10                             37CA     37CA       B0      46F       0
                text9                              42EA     42EA        C      46F       0
                text8                              3ABE     3ABE       7C      46F       0
                text7                              2BDC     2BDC      204      46F       0
                text6                              3EDA     3EDA       50      46F       0
                text5                              42D8     42D8       12      46F       0
                text4                              4302     4302        6      46F       0
                text3                              42C6     42C6       12      46F       0
                text2                              3634     3634       CC      46F       0
                text1                              3700     3700       CA      46F       0
                text0                              412A     412A       38      46F       0
                cstackCOMRAM                          1        1       45        1       1
                cstackBANK0                          60       60       83       60       1
                bssBANK1                            100      100       28      100       1
                dataBANK0                            EC       EC        3       60       1
                bssBANK0                             E3       E3        9       60       1
                dataCOMRAM                           4E       4E        2        1       1
                bssCOMRAM                            46       46        8        1       1
                cinit                              3D08     3D08       68      46F       0
                idataBANK0                         4308     4308        3      46F       0
                idataCOMRAM                        430B     430B        2      46F       0

TOTAL           Name                               Link     Load   Length     Space
        CLASS   STACK          

        CLASS   CODE           
                end_init                             16       16        4         0
                intcode                               8        8        E         0
                reset_vec                             0        0        4         0
                text54                             42F6     42F6        C         0
                text53                             40B0     40B0       3E         0
                intcode_body                       3B3A     3B3A       7A         0
                text51                             3FCA     3FCA       50         0
                text50                             41C6     41C6       2C         0
                text49                             387A     387A       AE         0
                text48                             3BB4     3BB4       78         0
                text47                             354E     354E       E6         0
                text46                             3928     3928       90         0
                text45                             345A     345A       F4         0
                text44                             4262     4262       24         0
                text43                             3E32     3E32       56         0
                text42                             42A8     42A8       1E         0
                text41                             4218     4218       26         0
                text40                             1F48     1F48      3B6         0
                text39                             4286     4286       22         0
                text38                             2DE0     2DE0      1FE         0
                text37                             3238     3238      11C         0
                text36                             423E     423E       24         0
                text35                             40EE     40EE       3C         0
                text34                             16BA     16BA      49E         0
                text33                             4162     4162       38         0
                text32                             3354     3354      106         0
                text31                             4066     4066       4A         0
                text30                             401A     401A       4C         0
                text29                             3E88     3E88       52         0
                text28                             41F2     41F2       26         0
                text27                             267C     267C      31A         0
                text26                             10D2     10D2      5E8         0
                text25                             22FE     22FE      37E         0
                text24                             419A     419A       2C         0
                text23                             3A3C     3A3C       82         0
                text22                             3D70     3D70       66         0
                text21                             3DD6     3DD6       5C         0
                text20                             3110     3110      128         0
                text19                             2FDE     2FDE      132         0
                text18                             39B8     39B8       84         0
                text17                             3C2C     3C2C       70         0
                text16                             2996     2996      246         0
                text15                             1B58     1B58      3F0         0
                text14                              8DE      8DE      7F4         0
                text13                             3C9C     3C9C       6C         0
                text12                             3F7A     3F7A       50         0
                text11                             3F2A     3F2A       50         0
                text10                             37CA     37CA       B0         0
                text9                              42EA     42EA        C         0
                text8                              3ABE     3ABE       7C         0
                text7                              2BDC     2BDC      204         0
                text6                              3EDA     3EDA       50         0
                text5                              42D8     42D8       12         0
                text4                              4302     4302        6         0
                text3                              42C6     42C6       12         0
                text2                              3634     3634       CC         0
                text1                              3700     3700       CA         0
                text0                              412A     412A       38         0
                cinit                              3D08     3D08       68         0
                idataBANK0                         4308     4308        3         0
                idataCOMRAM                        430B     430B        2         0

        CLASS   CONST          

        CLASS   SMALLCONST     
                smallconst                          800      800       DE         0

        CLASS   MEDIUMCONST    

        CLASS   COMRAM         
                temp                                 50       50        1         1
                cstackCOMRAM                          1        1       45         1
                dataCOMRAM                           4E       4E        2         1
                bssCOMRAM                            46       46        8         1

        CLASS   ABS1           

        CLASS   BIGRAM         

        CLASS   RAM            

        CLASS   BANK0          
                cstackBANK0                          60       60       83         1
                dataBANK0                            EC       EC        3         1
                bssBANK0                             E3       E3        9         1

        CLASS   BANK1          
                bssBANK1                            100      100       28         1

        CLASS   BANK2          

        CLASS   BANK3          

        CLASS   BANK4          

        CLASS   BANK5          

        CLASS   BANK6          

        CLASS   BANK7          

        CLASS   SFR            

        CLASS   FARRAM         

        CLASS   CONFIG         
                config                           300000   300000        E         0

        CLASS   IDLOC          
                idloc                            200000   200000        8         0

        CLASS   EEDATA         



SEGMENTS        Name                           Load    Length   Top    Selector   Space  Class

                reset_vec                      000000  000004  000004         0       0  CODE    
                cstackCOMRAM                   000001  000050  000051         1       1  COMRAM  
                intcode                        000008  000012  00001A         4       0  CODE    
                cstackBANK0                    000060  00008F  0000EF        60       1  BANK0   
                bssBANK1                       000100  000028  000128       100       1  BANK1   
                smallconst                     000800  0000DE  0008DE       400       0  SMALLCON
                text14                         0008DE  003A2F  00430D       46F       0  CODE    
                idloc                          200000  000008  200008    200000       0  IDLOC   
                config                         300000  00000E  30000E    300000       0  CONFIG  


UNUSED ADDRESS RANGES

        Name                Unused          Largest block    Delta
        BANK0            0000EF-0000FF               11
        BANK1            000128-0001FF               D8
        BANK2            000200-0002FF              100
        BANK3            000300-0003FF              100
        BANK4            000400-0004FF              100
        BANK5            000500-0005FF              100
        BANK6            000600-0006FF              100
        BANK7            000700-0007FF              100
        BIGRAM           000051-00005F                F
                         0000EF-0000FF               11
                         000128-0007FF              6D8
        CODE             000004-000007                4
                         00001A-0007FF              7E6
                         00430D-007FFF             3CF3
        COMRAM           000051-00005F                F
        CONST            000004-000007                4
                         00001A-0007FF              7E6
                         00430D-007FFF             3CF3
        EEDATA           F00000-F000FF              100
        MEDIUMCONST      00430D-007FFF             3CF3
        RAM              0000EF-0000FF               11
                         000128-0007FF              100
        SFR              000F60-000FFF               A0
        SMALLCONST       00430D-007FFF              100
        STACK            000128-0007FF              6D8

                                  Symbol Table

?___aldiv                          cstackCOMRAM 000010
?___altoft                         cstackCOMRAM 000018
?___awdiv                          cstackCOMRAM 000016
?___awmod                          cstackCOMRAM 000010
?___awtoft                         cstackCOMRAM 000018
?___ftadd                          cstackCOMRAM 00003D
?___ftdiv                          cstackCOMRAM 00001C
?___ftmul                          cstackCOMRAM 000024
?___ftneg                          cstackCOMRAM 000010
?___ftpack                         cstackCOMRAM 000010
?___ftsub                          cstackBANK0  000063
?___fttol                          cstackCOMRAM 00003A
?___lldiv                          cstackCOMRAM 000010
?___llmod                          cstackCOMRAM 000010
?___lltoft                         cstackCOMRAM 000018
?___lmul                           cstackCOMRAM 000010
?___lwdiv                          cstackCOMRAM 000024
?___lwtoft                         cstackCOMRAM 000018
?___wmul                           cstackCOMRAM 00001E
?__div_to_l_                       cstackCOMRAM 000010
?__tdiv_to_l_                      cstackCOMRAM 000010
?_atof                             cstackCOMRAM 00003F
?_calculate_motordelay             cstackBANK0  000066
?_fround                           cstackCOMRAM 000033
?_scale                            cstackCOMRAM 000033
?_sprintf                          cstackBANK0  000069
?_strchr                           cstackCOMRAM 000010
?_strcspn                          cstackCOMRAM 000016
?_strspn                           cstackCOMRAM 000016
?_strtod                           cstackCOMRAM 000033
?_strtok                           cstackCOMRAM 00001D
UART_interrupt@byte                cstackCOMRAM 000001
_ADCON1bits                        (abs)        000FC1
_BAUDCONbits                       (abs)        000FB8
_BRGH                              (abs)        007D62
_DEFAULT_FEEDRATE                  dataBANK0    0000EC
_GCODE_PENDING                     bssCOMRAM    00004D
_GIE                               (abs)        007F97
_INTCON2bits                       (abs)        000FF1
_IPEN                              (abs)        007E87
_ISR                               intcode      000008
_LATAbits                          (abs)        000F89
_LATBbits                          (abs)        000F8A
_LATCbits                          (abs)        000F8B
_LATDbits                          (abs)        000F8C
_LATEbits                          (abs)        000F8D
_OSCCONbits                        (abs)        000FD3
_PEIE                              (abs)        007F96
_PORTA                             (abs)        000F80
_PORTB                             (abs)        000F81
_PORTBbits                         (abs)        000F81
_PORTC                             (abs)        000F82
_PORTD                             (abs)        000F83
_PORTE                             (abs)        000F84
_RBIE                              (abs)        007F93
_RBIF                              (abs)        007F90
_RCIE                              (abs)        007CED
_RCIF                              (abs)        007CF5
_RCREG                             (abs)        000FAE
_RCSTAbits                         (abs)        000FAB
_RPOS                              bssCOMRAM    000046
_SPBRG                             (abs)        000FAF
_SYSTEM_TIME                       bssCOMRAM    000049
_T0CONbits                         (abs)        000FD5
_TMR0IE                            (abs)        007F95
_TMR0IF                            (abs)        007F92
_TMR0L                             (abs)        000FD6
_TMR0_interrupt                    text54       0042F6
_TRISAbits                         (abs)        000F92
_TRISBbits                         (abs)        000F93
_TRISCbits                         (abs)        000F94
_TRISDbits                         (abs)        000F95
_TRISEbits                         (abs)        000F96
_TRMT                              (abs)        007D61
_TXREG                             (abs)        000FAD
_TXSTAbits                         (abs)        000FAC
_UART_interrupt                    text53       0040B0
_XPOS                              bssBANK0     0000E3
_YPOS                              bssBANK0     0000E6
_ZPOS                              bssBANK0     0000E9
__CFG_BOR$ON                       (abs)        000000
__CFG_BORV$3                       (abs)        000000
__CFG_CCP2MX$ON                    (abs)        000000
__CFG_CP0$OFF                      (abs)        000000
__CFG_CP1$OFF                      (abs)        000000
__CFG_CP2$OFF                      (abs)        000000
__CFG_CP3$OFF                      (abs)        000000
__CFG_CPB$OFF                      (abs)        000000
__CFG_CPD$OFF                      (abs)        000000
__CFG_CPUDIV$OSC1_PLL2             (abs)        000000
__CFG_EBTR0$OFF                    (abs)        000000
__CFG_EBTR1$OFF                    (abs)        000000
__CFG_EBTR2$OFF                    (abs)        000000
__CFG_EBTR3$OFF                    (abs)        000000
__CFG_EBTRB$OFF                    (abs)        000000
__CFG_FCMEN$OFF                    (abs)        000000
__CFG_FOSC$HS                      (abs)        000000
__CFG_ICPRT$OFF                    (abs)        000000
__CFG_IESO$OFF                     (abs)        000000
__CFG_LPT1OSC$OFF                  (abs)        000000
__CFG_LVP$OFF                      (abs)        000000
__CFG_MCLRE$ON                     (abs)        000000
__CFG_PBADEN$OFF                   (abs)        000000
__CFG_PLLDIV$1                     (abs)        000000
__CFG_PWRT$OFF                     (abs)        000000
__CFG_STVREN$ON                    (abs)        000000
__CFG_USBDIV$1                     (abs)        000000
__CFG_VREGEN$ON                    (abs)        000000
__CFG_WDT$OFF                      (abs)        000000
__CFG_WDTPS$32768                  (abs)        000000
__CFG_WRT0$OFF                     (abs)        000000
__CFG_WRT1$OFF                     (abs)        000000
__CFG_WRT2$OFF                     (abs)        000000
__CFG_WRT3$OFF                     (abs)        000000
__CFG_WRTB$OFF                     (abs)        000000
__CFG_WRTC$OFF                     (abs)        000000
__CFG_WRTD$OFF                     (abs)        000000
__CFG_XINST$OFF                    (abs)        000000
__HRAM                             (abs)        000000
__Habs1                            abs1         000000
__Hbank0                           bank0        000000
__Hbank1                           bank1        000000
__Hbank2                           bank2        000000
__Hbank3                           bank3        000000
__Hbank4                           bank4        000000
__Hbank5                           bank5        000000
__Hbank6                           bank6        000000
__Hbank7                           bank7        000000
__Hbigbss                          bigbss       000000
__Hbigdata                         bigdata      000000
__Hbigram                          bigram       000000
__Hbss                             bss          000000
__HbssBANK0                        bssBANK0     000000
__HbssBANK1                        bssBANK1     000000
__HbssCOMRAM                       bssCOMRAM    000000
__Hcinit                           cinit        000000
__Hclrtext                         clrtext      000000
__Hcomram                          comram       000000
__Hconfig                          config       30000E
__Hconst                           const        000000
__HcstackBANK0                     cstackBANK0  000000
__HcstackCOMRAM                    cstackCOMRAM 000000
__Hdata                            data         000000
__HdataBANK0                       dataBANK0    000000
__HdataCOMRAM                      dataCOMRAM   000000
__Heeprom_data                     eeprom_data  000000
__Hend_init                        end_init     00001A
__Hfarbss                          farbss       000000
__Hfardata                         fardata      000000
__Hibigdata                        ibigdata     000000
__Hidata                           idata        000000
__HidataBANK0                      idataBANK0   000000
__HidataCOMRAM                     idataCOMRAM  000000
__Hidloc                           idloc        200008
__Hifardata                        ifardata     000000
__Hinit                            init         000016
__Hintcode                         intcode      000016
__Hintcode_body                    intcode_body 000000
__Hintcodelo                       intcodelo    000016
__Hintentry                        intentry     000000
__Hintret                          intret       000000
__Hintsave_regs                    intsave_regs 000000
__Hirdata                          irdata       000000
__Hmediumconst                     mediumconst  000000
__HnvFARRAM                        nvFARRAM     000000
__Hnvbit                           nvbit        000000
__Hnvrram                          nvrram       000000
__Hparam                           rparam       000000
__Hpowerup                         powerup      000016
__Hram                             ram          000000
__Hramtop                          ramtop       000800
__Hrbit                            rbit         000000
__Hrbss                            rbss         000000
__Hrdata                           rdata        000000
__Hreset_vec                       reset_vec    000004
__Hrparam                          rparam       000000
__Hsfr                             sfr          000000
__Hsmallconst                      smallconst   0008DE
__Hspace_0                         (abs)        30000E
__Hspace_1                         (abs)        000128
__Hspace_2                         (abs)        000000
__Hstack                           stack        000000
__Hstruct                          struct       000000
__Htemp                            temp         000051
__Htext                            text         000000
__Htext0                           text0        000000
__Htext1                           text1        000000
__Htext10                          text10       000000
__Htext11                          text11       000000
__Htext12                          text12       000000
__Htext13                          text13       000000
__Htext14                          text14       000000
__Htext15                          text15       000000
__Htext16                          text16       000000
__Htext17                          text17       000000
__Htext18                          text18       000000
__Htext19                          text19       000000
__Htext2                           text2        000000
__Htext20                          text20       000000
__Htext21                          text21       000000
__Htext22                          text22       000000
__Htext23                          text23       000000
__Htext24                          text24       000000
__Htext25                          text25       000000
__Htext26                          text26       000000
__Htext27                          text27       000000
__Htext28                          text28       000000
__Htext29                          text29       000000
__Htext3                           text3        000000
__Htext30                          text30       000000
__Htext31                          text31       000000
__Htext32                          text32       000000
__Htext33                          text33       000000
__Htext34                          text34       000000
__Htext35                          text35       000000
__Htext36                          text36       000000
__Htext37                          text37       000000
__Htext38                          text38       000000
__Htext39                          text39       000000
__Htext4                           text4        000000
__Htext40                          text40       000000
__Htext41                          text41       000000
__Htext42                          text42       000000
__Htext43                          text43       000000
__Htext44                          text44       000000
__Htext45                          text45       000000
__Htext46                          text46       000000
__Htext47                          text47       000000
__Htext48                          text48       000000
__Htext49                          text49       000000
__Htext5                           text5        000000
__Htext50                          text50       000000
__Htext51                          text51       000000
__Htext53                          text53       000000
__Htext54                          text54       000000
__Htext6                           text6        000000
__Htext7                           text7        000000
__Htext8                           text8        000000
__Htext9                           text9        000000
__LRAM                             (abs)        000001
__Labs1                            abs1         000000
__Lbank0                           bank0        000000
__Lbank1                           bank1        000000
__Lbank2                           bank2        000000
__Lbank3                           bank3        000000
__Lbank4                           bank4        000000
__Lbank5                           bank5        000000
__Lbank6                           bank6        000000
__Lbank7                           bank7        000000
__Lbigbss                          bigbss       000000
__Lbigdata                         bigdata      000000
__Lbigram                          bigram       000000
__Lbss                             bss          000000
__LbssBANK0                        bssBANK0     000000
__LbssBANK1                        bssBANK1     000000
__LbssCOMRAM                       bssCOMRAM    000000
__Lcinit                           cinit        000000
__Lclrtext                         clrtext      000000
__Lcomram                          comram       000000
__Lconfig                          config       300000
__Lconst                           const        000000
__LcstackBANK0                     cstackBANK0  000000
__LcstackCOMRAM                    cstackCOMRAM 000000
__Ldata                            data         000000
__LdataBANK0                       dataBANK0    000000
__LdataCOMRAM                      dataCOMRAM   000000
__Leeprom_data                     eeprom_data  000000
__Lend_init                        end_init     000016
__Lfarbss                          farbss       000000
__Lfardata                         fardata      000000
__Libigdata                        ibigdata     000000
__Lidata                           idata        000000
__LidataBANK0                      idataBANK0   000000
__LidataCOMRAM                     idataCOMRAM  000000
__Lidloc                           idloc        200000
__Lifardata                        ifardata     000000
__Linit                            init         000016
__Lintcode                         intcode      000008
__Lintcode_body                    intcode_body 000000
__Lintcodelo                       intcodelo    000016
__Lintentry                        intentry     000000
__Lintret                          intret       000000
__Lintsave_regs                    intsave_regs 000000
__Lirdata                          irdata       000000
__Lmediumconst                     mediumconst  000000
__LnvFARRAM                        nvFARRAM     000000
__Lnvbit                           nvbit        000000
__Lnvrram                          nvrram       000000
__Lparam                           rparam       000000
__Lpowerup                         powerup      000016
__Lram                             ram          000000
__Lramtop                          ramtop       000800
__Lrbit                            rbit         000000
__Lrbss                            rbss         000000
__Lrdata                           rdata        000000
__Lreset_vec                       reset_vec    000000
__Lrparam                          rparam       000000
__Lsfr                             sfr          000000
__Lsmallconst                      smallconst   000800
__Lspace_0                         (abs)        000000
__Lspace_1                         (abs)        000000
__Lspace_2                         (abs)        000000
__Lstack                           stack        000000
__Lstruct                          struct       000000
__Ltemp                            temp         000050
__Ltext                            text         000000
__Ltext0                           text0        000000
__Ltext1                           text1        000000
__Ltext10                          text10       000000
__Ltext11                          text11       000000
__Ltext12                          text12       000000
__Ltext13                          text13       000000
__Ltext14                          text14       000000
__Ltext15                          text15       000000
__Ltext16                          text16       000000
__Ltext17                          text17       000000
__Ltext18                          text18       000000
__Ltext19                          text19       000000
__Ltext2                           text2        000000
__Ltext20                          text20       000000
__Ltext21                          text21       000000
__Ltext22                          text22       000000
__Ltext23                          text23       000000
__Ltext24                          text24       000000
__Ltext25                          text25       000000
__Ltext26                          text26       000000
__Ltext27                          text27       000000
__Ltext28                          text28       000000
__Ltext29                          text29       000000
__Ltext3                           text3        000000
__Ltext30                          text30       000000
__Ltext31                          text31       000000
__Ltext32                          text32       000000
__Ltext33                          text33       000000
__Ltext34                          text34       000000
__Ltext35                          text35       000000
__Ltext36                          text36       000000
__Ltext37                          text37       000000
__Ltext38                          text38       000000
__Ltext39                          text39       000000
__Ltext4                           text4        000000
__Ltext40                          text40       000000
__Ltext41                          text41       000000
__Ltext42                          text42       000000
__Ltext43                          text43       000000
__Ltext44                          text44       000000
__Ltext45                          text45       000000
__Ltext46                          text46       000000
__Ltext47                          text47       000000
__Ltext48                          text48       000000
__Ltext49                          text49       000000
__Ltext5                           text5        000000
__Ltext50                          text50       000000
__Ltext51                          text51       000000
__Ltext53                          text53       000000
__Ltext54                          text54       000000
__Ltext6                           text6        000000
__Ltext7                           text7        000000
__Ltext8                           text8        000000
__Ltext9                           text9        000000
__S0                               (abs)        30000E
__S1                               (abs)        000128
__S2                               (abs)        000000
___aldiv                           text2        003634
___aldiv@counter                   cstackCOMRAM 000018
___aldiv@dividend                  cstackCOMRAM 000010
___aldiv@divisor                   cstackCOMRAM 000014
___aldiv@quotient                  cstackCOMRAM 00001A
___aldiv@sign                      cstackCOMRAM 000019
___altoft                          text48       003BB4
___altoft@c                        cstackCOMRAM 000018
___altoft@exp                      cstackCOMRAM 000020
___altoft@sign                     cstackCOMRAM 000021
___awdiv                           text18       0039B8
___awdiv@counter                   cstackCOMRAM 00001A
___awdiv@dividend                  cstackCOMRAM 000016
___awdiv@divisor                   cstackCOMRAM 000018
___awdiv@quotient                  cstackCOMRAM 00001C
___awdiv@sign                      cstackCOMRAM 00001B
___awmod                           text17       003C2C
___awmod@counter                   cstackCOMRAM 000014
___awmod@dividend                  cstackCOMRAM 000010
___awmod@divisor                   cstackCOMRAM 000012
___awmod@sign                      cstackCOMRAM 000015
___awtoft                          text33       004162
___awtoft@c                        cstackCOMRAM 000018
___awtoft@sign                     cstackCOMRAM 00001B
___ftadd                           text38       002DE0
___ftadd@exp1                      cstackBANK0  000062
___ftadd@exp2                      cstackBANK0  000061
___ftadd@f1                        cstackCOMRAM 00003D
___ftadd@f2                        cstackCOMRAM 000040
___ftadd@sign                      cstackBANK0  000060
___ftdiv                           text47       00354E
___ftdiv@cntr                      cstackCOMRAM 000025
___ftdiv@exp                       cstackCOMRAM 000029
___ftdiv@f1                        cstackCOMRAM 00001C
___ftdiv@f2                        cstackCOMRAM 00001F
___ftdiv@f3                        cstackCOMRAM 000026
___ftdiv@sign                      cstackCOMRAM 00002A
___ftge                            text46       003928
___ftge@ff1                        cstackCOMRAM 000010
___ftge@ff2                        cstackCOMRAM 000013
___ftmul                           text45       00345A
___ftmul@cntr                      cstackCOMRAM 000031
___ftmul@exp                       cstackCOMRAM 00002D
___ftmul@f1                        cstackCOMRAM 000024
___ftmul@f2                        cstackCOMRAM 000027
___ftmul@f3_as_product             cstackCOMRAM 00002E
___ftmul@sign                      cstackCOMRAM 000032
___ftneg                           text44       004262
___ftneg@f1                        cstackCOMRAM 000010
___ftpack                          text49       00387A
___ftpack@arg                      cstackCOMRAM 000010
___ftpack@exp                      cstackCOMRAM 000013
___ftpack@sign                     cstackCOMRAM 000014
___ftsub                           text30       00401A
___ftsub@f1                        cstackBANK0  000063
___ftsub@f2                        cstackBANK0  000066
___fttol                           text37       003238
___fttol@exp1                      cstackBANK0  000065
___fttol@f1                        cstackCOMRAM 00003A
___fttol@lval                      cstackBANK0  000061
___fttol@sign1                     cstackBANK0  000060
___inthi_sp                        stack        000000
___intlo_sp                        stack        000000
___lldiv                           text23       003A3C
___lldiv@counter                   cstackCOMRAM 00001C
___lldiv@dividend                  cstackCOMRAM 000010
___lldiv@divisor                   cstackCOMRAM 000014
___lldiv@quotient                  cstackCOMRAM 000018
___llmod                           text22       003D70
___llmod@counter                   cstackCOMRAM 000018
___llmod@dividend                  cstackCOMRAM 000010
___llmod@divisor                   cstackCOMRAM 000014
___lltoft                          text21       003DD6
___lltoft@c                        cstackCOMRAM 000018
___lltoft@exp                      cstackCOMRAM 000020
___lmul                            text43       003E32
___lmul@multiplicand               cstackCOMRAM 000014
___lmul@multiplier                 cstackCOMRAM 000010
___lmul@product                    cstackCOMRAM 000018
___lwdiv                           text29       003E88
___lwdiv@counter                   cstackCOMRAM 00002A
___lwdiv@dividend                  cstackCOMRAM 000024
___lwdiv@divisor                   cstackCOMRAM 000026
___lwdiv@quotient                  cstackCOMRAM 000028
___lwtoft                          text36       00423E
___lwtoft@c                        cstackCOMRAM 000018
___param_bank                      (abs)        000010
___rparam_used                     (abs)        000001
___sp                              stack        000000
___wmul                            text28       0041F2
___wmul@multiplicand               cstackCOMRAM 000020
___wmul@multiplier                 cstackCOMRAM 00001E
___wmul@product                    cstackCOMRAM 000022
__accesstop                        (abs)        000060
__activetblptr                     (abs)        000002
__div_to_l_                        text20       003110
__div_to_l_@cntr                   cstackCOMRAM 00001A
__div_to_l_@exp1                   cstackCOMRAM 00001B
__div_to_l_@f1                     cstackCOMRAM 000010
__div_to_l_@f2                     cstackCOMRAM 000013
__div_to_l_@quot                   cstackCOMRAM 000016
__end_of_ISR                       intcode_body 003BB4
__end_of_TMR0_interrupt            text54       004302
__end_of_UART_interrupt            text53       0040EE
__end_of___aldiv                   text2        003700
__end_of___altoft                  text48       003C2C
__end_of___awdiv                   text18       003A3C
__end_of___awmod                   text17       003C9C
__end_of___awtoft                  text33       00419A
__end_of___ftadd                   text38       002FDE
__end_of___ftdiv                   text47       003634
__end_of___ftge                    text46       0039B8
__end_of___ftmul                   text45       00354E
__end_of___ftneg                   text44       004286
__end_of___ftpack                  text49       003928
__end_of___ftsub                   text30       004066
__end_of___fttol                   text37       003354
__end_of___lldiv                   text23       003ABE
__end_of___llmod                   text22       003DD6
__end_of___lltoft                  text21       003E32
__end_of___lmul                    text43       003E88
__end_of___lwdiv                   text29       003EDA
__end_of___lwtoft                  text36       004262
__end_of___wmul                    text28       004218
__end_of__div_to_l_                text20       003238
__end_of__initialization           cinit        003D62
__end_of__npowers_                 smallconst   000850
__end_of__powers_                  smallconst   000877
__end_of__tdiv_to_l_               text19       003110
__end_of_atof                      text39       0042A8
__end_of_blinkInitLed              text50       0041F2
__end_of_calculate_motordelay      text27       002996
__end_of_delay_ms                  text51       00401A
__end_of_delay_us                  text35       00412A
__end_of_dpowers                   smallconst   000829
__end_of_execGcode                 text25       00267C
__end_of_fround                    text16       002BDC
__end_of_homeAxis                  text31       0040B0
__end_of_isdigit                   text42       0042C6
__end_of_isspace                   text41       00423E
__end_of_linearMove1Axis           text34       001B58
__end_of_linearMove2Axis           text26       0016BA
__end_of_main                      text0        004162
__end_of_memset                    text24       0041C6
__end_of_moveToSwitch              text32       00345A
__end_of_parseGcode                text7        002DE0
__end_of_scale                     text15       001F48
__end_of_setupGPIO                 text6        003F2A
__end_of_setupInterrupts           text5        0042EA
__end_of_setupOscillator           text4        004308
__end_of_setupTimer                text3        0042D8
__end_of_setupUSB                  text1        0037CA
__end_of_sprintf                   text14       0010D2
__end_of_strchr                    text13       003D08
__end_of_strcspn                   text12       003FCA
__end_of_strspn                    text11       003F7A
__end_of_strtod                    text40       0022FE
__end_of_strtok                    text10       00387A
__end_of_writeUSB                  text9        0042F6
__end_of_writeUSBstring            text8        003B3A
__initialization                   cinit        003D08
__mediumconst                      mediumconst  000000
__npowers_                         smallconst   000829
__pbssBANK0                        bssBANK0     0000E3
__pbssBANK1                        bssBANK1     000100
__pbssCOMRAM                       bssCOMRAM    000046
__pcinit                           cinit        003D08
__pcstackBANK0                     cstackBANK0  000060
__pcstackCOMRAM                    cstackCOMRAM 000001
__pdataBANK0                       dataBANK0    0000EC
__pdataCOMRAM                      dataCOMRAM   00004E
__pidataBANK0                      idataBANK0   004308
__pidataCOMRAM                     idataCOMRAM  00430B
__pintcode                         intcode      000008
__pintcode_body                    intcode_body 003B3A
__powers_                          smallconst   000850
__psmallconst                      smallconst   000800
__ptext0                           text0        00412A
__ptext1                           text1        003700
__ptext10                          text10       0037CA
__ptext11                          text11       003F2A
__ptext12                          text12       003F7A
__ptext13                          text13       003C9C
__ptext14                          text14       0008DE
__ptext15                          text15       001B58
__ptext16                          text16       002996
__ptext17                          text17       003C2C
__ptext18                          text18       0039B8
__ptext19                          text19       002FDE
__ptext2                           text2        003634
__ptext20                          text20       003110
__ptext21                          text21       003DD6
__ptext22                          text22       003D70
__ptext23                          text23       003A3C
__ptext24                          text24       00419A
__ptext25                          text25       0022FE
__ptext26                          text26       0010D2
__ptext27                          text27       00267C
__ptext28                          text28       0041F2
__ptext29                          text29       003E88
__ptext3                           text3        0042C6
__ptext30                          text30       00401A
__ptext31                          text31       004066
__ptext32                          text32       003354
__ptext33                          text33       004162
__ptext34                          text34       0016BA
__ptext35                          text35       0040EE
__ptext36                          text36       00423E
__ptext37                          text37       003238
__ptext38                          text38       002DE0
__ptext39                          text39       004286
__ptext4                           text4        004302
__ptext40                          text40       001F48
__ptext41                          text41       004218
__ptext42                          text42       0042A8
__ptext43                          text43       003E32
__ptext44                          text44       004262
__ptext45                          text45       00345A
__ptext46                          text46       003928
__ptext47                          text47       00354E
__ptext48                          text48       003BB4
__ptext49                          text49       00387A
__ptext5                           text5        0042D8
__ptext50                          text50       0041C6
__ptext51                          text51       003FCA
__ptext53                          text53       0040B0
__ptext54                          text54       0042F6
__ptext6                           text6        003EDA
__ptext7                           text7        002BDC
__ptext8                           text8        003ABE
__ptext9                           text9        0042EA
__ramtop                           ramtop       000800
__size_of_ISR                      (abs)        000000
__size_of_TMR0_interrupt           (abs)        000000
__size_of_UART_interrupt           (abs)        000000
__size_of___aldiv                  (abs)        000000
__size_of___altoft                 (abs)        000000
__size_of___awdiv                  (abs)        000000
__size_of___awmod                  (abs)        000000
__size_of___awtoft                 (abs)        000000
__size_of___ftadd                  (abs)        000000
__size_of___ftdiv                  (abs)        000000
__size_of___ftge                   (abs)        000000
__size_of___ftmul                  (abs)        000000
__size_of___ftneg                  (abs)        000000
__size_of___ftpack                 (abs)        000000
__size_of___ftsub                  (abs)        000000
__size_of___fttol                  (abs)        000000
__size_of___lldiv                  (abs)        000000
__size_of___llmod                  (abs)        000000
__size_of___lltoft                 (abs)        000000
__size_of___lmul                   (abs)        000000
__size_of___lwdiv                  (abs)        000000
__size_of___lwtoft                 (abs)        000000
__size_of___wmul                   (abs)        000000
__size_of__div_to_l_               (abs)        000000
__size_of__tdiv_to_l_              (abs)        000000
__size_of_atof                     (abs)        000000
__size_of_blinkInitLed             (abs)        000000
__size_of_calculate_motordelay     (abs)        000000
__size_of_delay_ms                 (abs)        000000
__size_of_delay_us                 (abs)        000000
__size_of_execGcode                (abs)        000000
__size_of_fround                   (abs)        000000
__size_of_homeAxis                 (abs)        000000
__size_of_isdigit                  (abs)        000000
__size_of_isspace                  (abs)        000000
__size_of_linearMove1Axis          (abs)        000000
__size_of_linearMove2Axis          (abs)        000000
__size_of_main                     (abs)        000000
__size_of_memset                   (abs)        000000
__size_of_moveToSwitch             (abs)        000000
__size_of_parseGcode               (abs)        000000
__size_of_scale                    (abs)        000000
__size_of_setupGPIO                (abs)        000000
__size_of_setupInterrupts          (abs)        000000
__size_of_setupOscillator          (abs)        000000
__size_of_setupTimer               (abs)        000000
__size_of_setupUSB                 (abs)        000000
__size_of_sprintf                  (abs)        000000
__size_of_strchr                   (abs)        000000
__size_of_strcspn                  (abs)        000000
__size_of_strspn                   (abs)        000000
__size_of_strtod                   (abs)        000000
__size_of_strtok                   (abs)        000000
__size_of_writeUSB                 (abs)        000000
__size_of_writeUSBstring           (abs)        000000
__smallconst                       smallconst   000800
__tdiv_to_l_                       text19       002FDE
__tdiv_to_l_@cntr                  cstackCOMRAM 00001D
__tdiv_to_l_@exp1                  cstackCOMRAM 00001E
__tdiv_to_l_@f1                    cstackCOMRAM 000010
__tdiv_to_l_@f2                    cstackCOMRAM 000013
__tdiv_to_l_@quot                  cstackCOMRAM 000019
_atof                              text39       004286
_blinkInitLed                      text50       0041C6
_calculate_motordelay              text27       00267C
_calculate_motordelay$2115         cstackBANK0  00006E
_ctr                               dataCOMRAM   00004E
_delay_ms                          text51       003FCA
_delay_us                          text35       0040EE
_dpowers                           smallconst   000801
_execGcode                         text25       0022FE
_fround                            text16       002996
_fround$2116                       cstackCOMRAM 000039
_fround$2117                       cstackCOMRAM 000036
_homeAxis                          text31       004066
_isdigit                           text42       0042A8
_isdigit$1744                      cstackCOMRAM 000011
_isspace                           text41       004218
_isspace$1747                      cstackCOMRAM 000011
_linearMove1Axis                   text34       0016BA
_linearMove2Axis                   text26       0010D2
_linearMove2Axis$2114              cstackBANK0  000084
_main                              text0        00412A
_memset                            text24       00419A
_moveToSwitch                      text32       003354
_parseGcode                        text7        002BDC
_scale                             text15       001B58
_scale$2118                        cstackCOMRAM 000036
_setupGPIO                         text6        003EDA
_setupInterrupts                   text5        0042D8
_setupOscillator                   text4        004302
_setupTimer                        text3        0042C6
_setupUSB                          text1        003700
_sprintf                           text14       0008DE
_sprintf$2119                      cstackBANK0  00007C
_strchr                            text13       003C9C
_strcspn                           text12       003F7A
_strspn                            text11       003F2A
_strtod                            text40       001F48
_strtok                            text10       0037CA
_uart_str                          bssBANK1     000100
_writeUSB                          text9        0042EA
_writeUSBstring                    text8        003ABE
atof@s                             cstackCOMRAM 00003F
blinkInitLed@i                     cstackCOMRAM 000018
btemp                              temp         000050
calculate_motordelay@acc_max       cstackBANK0  000072
calculate_motordelay@depth         cstackBANK0  000076
calculate_motordelay@feedrate      cstackBANK0  000066
calculate_motordelay@halfdelay     cstackBANK0  00006C
calculate_motordelay@i             cstackBANK0  000068
calculate_motordelay@init_feedrate cstackBANK0  000070
calculate_motordelay@steps         cstackBANK0  00006A
calculate_motordelay@x             cstackBANK0  000074
delay_ms@current_time              cstackCOMRAM 000014
delay_ms@ms                        cstackCOMRAM 000010
delay_ms@us                        cstackCOMRAM 000016
delay_us@current_time              cstackCOMRAM 000014
delay_us@us                        cstackCOMRAM 000010
end_of_initialization              cinit        003D62
execGcode@Gparsed                  cstackBANK0  000095
execGcode@arg1                     cstackBANK0  00009D
execGcode@arg2                     cstackBANK0  000098
execGcode@axis                     cstackBANK0  0000A2
execGcode@feedrate                 cstackBANK0  0000A0
execGcode@i                        cstackBANK0  00009B
fround@prec                        cstackCOMRAM 00003C
homeAxis@axis                      cstackBANK0  000075
int$flags                          temp         000050
int_func                           intcode_body 003B3A
intlevel0                          text         000000
intlevel1                          text         000000
intlevel2                          text         000000
intlevel3                          text         000000
isdigit@c                          cstackCOMRAM 000012
isspace@c                          cstackCOMRAM 000012
linearMove1Axis@arg                cstackBANK0  000066
linearMove1Axis@axis               cstackBANK0  000074
linearMove1Axis@calc_delay         cstackBANK0  000072
linearMove1Axis@del                cstackBANK0  00006D
linearMove1Axis@feedrate           cstackBANK0  000069
linearMove1Axis@i                  cstackBANK0  000070
linearMove1Axis@steps              cstackBANK0  00006B
linearMove2Axis@calc_delay         cstackBANK0  000093
linearMove2Axis@del                cstackBANK0  00008C
linearMove2Axis@del_x              cstackBANK0  000086
linearMove2Axis@del_y              cstackBANK0  000089
linearMove2Axis@feedrate           cstackBANK0  00007E
linearMove2Axis@i                  cstackBANK0  000091
linearMove2Axis@singlearg          cstackBANK0  000080
linearMove2Axis@singleaxis         cstackBANK0  000083
linearMove2Axis@steps              cstackBANK0  00008F
linearMove2Axis@x_target           cstackBANK0  000078
linearMove2Axis@y_target           cstackBANK0  00007B
memset@c                           cstackCOMRAM 000012
memset@n                           cstackCOMRAM 000014
memset@p                           cstackCOMRAM 000016
memset@p1                          cstackCOMRAM 000010
moveToSwitch@axis                  cstackBANK0  000068
moveToSwitch@delay                 cstackBANK0  000069
moveToSwitch@limit                 cstackBANK0  000066
moveToSwitch@speed                 cstackCOMRAM 000043
parseGcode@Gcode                   cstackBANK0  0000A3
parseGcode@Gparsed                 cstackBANK0  0000D0
parseGcode@buf                     cstackBANK0  0000E1
parseGcode@comment_delim           cstackBANK0  0000CE
parseGcode@finalposition           cstackBANK0  0000A5
parseGcode@gcode_process           cstackBANK0  0000CD
parseGcode@i                       cstackBANK0  0000E0
scale@scl                          cstackCOMRAM 000039
setupUSB@baudrate                  cstackCOMRAM 00001E
setupUSB@x                         cstackCOMRAM 000020
sprintf@ap                         cstackBANK0  00007F
sprintf@c                          cstackBANK0  000092
sprintf@exp                        cstackBANK0  000087
sprintf@f                          cstackBANK0  00006B
sprintf@flag                       cstackBANK0  000081
sprintf@fval                       cstackBANK0  00008F
sprintf@prec                       cstackBANK0  00008D
sprintf@sp                         cstackBANK0  000069
sprintf@tmpval                     cstackBANK0  000089
sprintf@val                        cstackBANK0  000083
stackhi                            (abs)        0007FF
stacklo                            (abs)        000128
start                              init         000016
start_initialization               cinit        003D08
strchr@chr                         cstackCOMRAM 000012
strchr@ptr                         cstackCOMRAM 000010
strcspn@i                          cstackCOMRAM 00001B
strcspn@s1                         cstackCOMRAM 000016
strcspn@s2                         cstackCOMRAM 000018
strspn@i                           cstackCOMRAM 00001B
strspn@s1                          cstackCOMRAM 000016
strspn@s2                          cstackCOMRAM 000018
strtod@_u                          cstackCOMRAM 00003B
strtod@eexp                        cstackCOMRAM 000038
strtod@expon                       cstackCOMRAM 00003A
strtod@flags                       cstackCOMRAM 000039
strtod@res                         cstackCOMRAM 000035
strtod@s                           cstackCOMRAM 000033
strtok@s1                          cstackCOMRAM 00001D
strtok@s2                          cstackCOMRAM 00001F
strtok@sp                          bssCOMRAM    00004B
writeUSB@byte                      cstackCOMRAM 000010
writeUSBstring@i                   cstackCOMRAM 000015
writeUSBstring@string              cstackCOMRAM 000011


FUNCTION INFORMATION:

 *************** function _main *****************
 Defined at:
		line 36 in file "main.c"
 Parameters:    Size  Location     Type
		None
 Auto vars:     Size  Location     Type
		None
 Return value:  Size  Location     Type
                  1    wreg      void 
 Registers used:
		wreg, fsr0l, fsr0h, fsr1l, fsr1h, fsr2l, fsr2h, status,2, status,0, tblptrl, tblptrh, tblptru, prodl, prodh, cstack
 Tracked objects:
		On entry : 
		On exit  : 
		Unchanged: 
 Data sizes:     COMRAM   BANK0   BANK1   BANK2   BANK3   BANK4   BANK5   BANK6   BANK7
      Params:         0       0       0       0       0       0       0       0       0
      Locals:         0       0       0       0       0       0       0       0       0
      Temps:          0       0       0       0       0       0       0       0       0
      Totals:         0       0       0       0       0       0       0       0       0
Total ram usage:        0 bytes
 Hardware stack levels required when called:    8
 This function calls:
		_blinkInitLed
		_parseGcode
		_setupGPIO
		_setupInterrupts
		_setupOscillator
		_setupTimer
		_setupUSB
 This function is called by:
		Startup code after reset
 This function uses a non-reentrant model


 *************** function _setupUSB *****************
 Defined at:
		line 12 in file "usb.c"
 Parameters:    Size  Location     Type
  baudrate        2   29[COMRAM] int 
 Auto vars:     Size  Location     Type
  x               4   31[COMRAM] long 
 Return value:  Size  Location     Type
                  1    wreg      unsigned char 
 Registers used:
		wreg, status,2, status,0, cstack
 Tracked objects:
		On entry : 
		On exit  : 
		Unchanged: 
 Data sizes:     COMRAM   BANK0   BANK1   BANK2   BANK3   BANK4   BANK5   BANK6   BANK7
      Params:         2       0       0       0       0       0       0       0       0
      Locals:         4       0       0       0       0       0       0       0       0
      Temps:          0       0       0       0       0       0       0       0       0
      Totals:         6       0       0       0       0       0       0       0       0
Total ram usage:        6 bytes
 Hardware stack levels used:    1
 Hardware stack levels required when called:    3
 This function calls:
		___aldiv
 This function is called by:
		_main
 This function uses a non-reentrant model


 *************** function ___aldiv *****************
 Defined at:
		line 8 in file "C:\Program Files (x86)\Microchip\xc8\v1.36\sources\common\aldiv.c"
 Parameters:    Size  Location     Type
  dividend        4   15[COMRAM] long 
  divisor         4   19[COMRAM] long 
 Auto vars:     Size  Location     Type
  quotient        4   25[COMRAM] long 
  sign            1   24[COMRAM] unsigned char 
  counter         1   23[COMRAM] unsigned char 
 Return value:  Size  Location     Type
                  4   15[COMRAM] long 
 Registers used:
		wreg, status,2, status,0
 Tracked objects:
		On entry : 
		On exit  : 
		Unchanged: 
 Data sizes:     COMRAM   BANK0   BANK1   BANK2   BANK3   BANK4   BANK5   BANK6   BANK7
      Params:         8       0       0       0       0       0       0       0       0
      Locals:         6       0       0       0       0       0       0       0       0
      Temps:          0       0       0       0       0       0       0       0       0
      Totals:        14       0       0       0       0       0       0       0       0
Total ram usage:       14 bytes
 Hardware stack levels used:    1
 Hardware stack levels required when called:    2
 This function calls:
		Nothing
 This function is called by:
		_setupUSB
 This function uses a non-reentrant model


 *************** function _setupTimer *****************
 Defined at:
		line 85 in file "system.c"
 Parameters:    Size  Location     Type
		None
 Auto vars:     Size  Location     Type
		None
 Return value:  Size  Location     Type
                  1    wreg      void 
 Registers used:
		wreg, status,2
 Tracked objects:
		On entry : 
		On exit  : 
		Unchanged: 
 Data sizes:     COMRAM   BANK0   BANK1   BANK2   BANK3   BANK4   BANK5   BANK6   BANK7
      Params:         0       0       0       0       0       0       0       0       0
      Locals:         0       0       0       0       0       0       0       0       0
      Temps:          0       0       0       0       0       0       0       0       0
      Totals:         0       0       0       0       0       0       0       0       0
Total ram usage:        0 bytes
 Hardware stack levels used:    1
 Hardware stack levels required when called:    2
 This function calls:
		Nothing
 This function is called by:
		_main
 This function uses a non-reentrant model


 *************** function _setupOscillator *****************
 Defined at:
		line 12 in file "system.c"
 Parameters:    Size  Location     Type
		None
 Auto vars:     Size  Location     Type
		None
 Return value:  Size  Location     Type
                  1    wreg      void 
 Registers used:
		wreg, status,2
 Tracked objects:
		On entry : 
		On exit  : 
		Unchanged: 
 Data sizes:     COMRAM   BANK0   BANK1   BANK2   BANK3   BANK4   BANK5   BANK6   BANK7
      Params:         0       0       0       0       0       0       0       0       0
      Locals:         0       0       0       0       0       0       0       0       0
      Temps:          0       0       0       0       0       0       0       0       0
      Totals:         0       0       0       0       0       0       0       0       0
Total ram usage:        0 bytes
 Hardware stack levels used:    1
 Hardware stack levels required when called:    2
 This function calls:
		Nothing
 This function is called by:
		_main
 This function uses a non-reentrant model


 *************** function _setupInterrupts *****************
 Defined at:
		line 12 in file "interrupt.c"
 Parameters:    Size  Location     Type
		None
 Auto vars:     Size  Location     Type
		None
 Return value:  Size  Location     Type
                  1    wreg      void 
 Registers used:
		None
 Tracked objects:
		On entry : 
		On exit  : 
		Unchanged: 
 Data sizes:     COMRAM   BANK0   BANK1   BANK2   BANK3   BANK4   BANK5   BANK6   BANK7
      Params:         0       0       0       0       0       0       0       0       0
      Locals:         0       0       0       0       0       0       0       0       0
      Temps:          0       0       0       0       0       0       0       0       0
      Totals:         0       0       0       0       0       0       0       0       0
Total ram usage:        0 bytes
 Hardware stack levels used:    1
 Hardware stack levels required when called:    2
 This function calls:
		Nothing
 This function is called by:
		_main
 This function uses a non-reentrant model


 *************** function _setupGPIO *****************
 Defined at:
		line 26 in file "system.c"
 Parameters:    Size  Location     Type
		None
 Auto vars:     Size  Location     Type
		None
 Return value:  Size  Location     Type
                  1    wreg      void 
 Registers used:
		wreg
 Tracked objects:
		On entry : 
		On exit  : 
		Unchanged: 
 Data sizes:     COMRAM   BANK0   BANK1   BANK2   BANK3   BANK4   BANK5   BANK6   BANK7
      Params:         0       0       0       0       0       0       0       0       0
      Locals:         0       0       0       0       0       0       0       0       0
      Temps:          0       0       0       0       0       0       0       0       0
      Totals:         0       0       0       0       0       0       0       0       0
Total ram usage:        0 bytes
 Hardware stack levels used:    1
 Hardware stack levels required when called:    2
 This function calls:
		Nothing
 This function is called by:
		_main
 This function uses a non-reentrant model


 *************** function _parseGcode *****************
 Defined at:
		line 20 in file "gcode.c"
 Parameters:    Size  Location     Type
  Gcode           2   67[BANK0 ] PTR unsigned char 
		 -> uart_str(40), 
 Auto vars:     Size  Location     Type
  finalpositio   40   69[BANK0 ] unsigned char [40]
  Gparsed        16  112[BANK0 ] struct G_token_[4]
  buf             2  129[BANK0 ] PTR unsigned char 
		 -> NULL(0), uart_str(40), 
  comment_deli    2  110[BANK0 ] PTR unsigned char 
		 -> STR_2(2), STR_1(2), NULL(0), uart_str(40), 
  i               1  128[BANK0 ] unsigned char 
  gcode_proces    1  109[BANK0 ] unsigned char 
 Return value:  Size  Location     Type
                  1    wreg      void 
 Registers used:
		wreg, fsr0l, fsr0h, fsr1l, fsr1h, fsr2l, fsr2h, status,2, status,0, tblptrl, tblptrh, tblptru, prodl, prodh, cstack
 Tracked objects:
		On entry : 
		On exit  : 
		Unchanged: 
 Data sizes:     COMRAM   BANK0   BANK1   BANK2   BANK3   BANK4   BANK5   BANK6   BANK7
      Params:         0       2       0       0       0       0       0       0       0
      Locals:         0      62       0       0       0       0       0       0       0
      Temps:          0       0       0       0       0       0       0       0       0
      Totals:         0      64       0       0       0       0       0       0       0
Total ram usage:       64 bytes
 Hardware stack levels used:    1
 Hardware stack levels required when called:    7
 This function calls:
		_atof
		_execGcode
		_memset
		_sprintf
		_strchr
		_strtok
		_writeUSBstring
 This function is called by:
		_main
 This function uses a non-reentrant model


 *************** function _writeUSBstring *****************
 Defined at:
		line 61 in file "usb.c"
 Parameters:    Size  Location     Type
  string          2   16[COMRAM] PTR const unsigned char 
		 -> STR_8(15), STR_7(15), STR_6(18), STR_5(17), 
		 -> parseGcode@finalposition(40), 
 Auto vars:     Size  Location     Type
  i               1   20[COMRAM] unsigned char 
 Return value:  Size  Location     Type
                  1    wreg      void 
 Registers used:
		wreg, fsr0l, fsr0h, status,2, status,0, tblptrl, tblptrh, tblptru, prodl, prodh, cstack
 Tracked objects:
		On entry : 
		On exit  : 
		Unchanged: 
 Data sizes:     COMRAM   BANK0   BANK1   BANK2   BANK3   BANK4   BANK5   BANK6   BANK7
      Params:         2       0       0       0       0       0       0       0       0
      Locals:         1       0       0       0       0       0       0       0       0
      Temps:          2       0       0       0       0       0       0       0       0
      Totals:         5       0       0       0       0       0       0       0       0
Total ram usage:        5 bytes
 Hardware stack levels used:    1
 Hardware stack levels required when called:    3
 This function calls:
		_writeUSB
 This function is called by:
		_parseGcode
 This function uses a non-reentrant model


 *************** function _writeUSB *****************
 Defined at:
		line 47 in file "usb.c"
 Parameters:    Size  Location     Type
  byte            1    wreg     unsigned char 
 Auto vars:     Size  Location     Type
  byte            1   15[COMRAM] unsigned char 
 Return value:  Size  Location     Type
                  1    wreg      void 
 Registers used:
		wreg
 Tracked objects:
		On entry : 
		On exit  : 
		Unchanged: 
 Data sizes:     COMRAM   BANK0   BANK1   BANK2   BANK3   BANK4   BANK5   BANK6   BANK7
      Params:         0       0       0       0       0       0       0       0       0
      Locals:         1       0       0       0       0       0       0       0       0
      Temps:          0       0       0       0       0       0       0       0       0
      Totals:         1       0       0       0       0       0       0       0       0
Total ram usage:        1 bytes
 Hardware stack levels used:    1
 Hardware stack levels required when called:    2
 This function calls:
		Nothing
 This function is called by:
		_writeUSBstring
 This function uses a non-reentrant model


 *************** function _strtok *****************
 Defined at:
		line 8 in file "C:\Program Files (x86)\Microchip\xc8\v1.36\sources\common\strtok.c"
 Parameters:    Size  Location     Type
  s1              2   28[COMRAM] PTR unsigned char 
		 -> NULL(0), uart_str(40), 
  s2              2   30[COMRAM] PTR const unsigned char 
		 -> STR_2(2), STR_1(2), 
 Auto vars:     Size  Location     Type
		None
 Return value:  Size  Location     Type
                  2   28[COMRAM] PTR unsigned char 
 Registers used:
		wreg, fsr0l, fsr0h, fsr2l, fsr2h, status,2, status,0, tblptrl, tblptrh, tblptru, cstack
 Tracked objects:
		On entry : 
		On exit  : 
		Unchanged: 
 Data sizes:     COMRAM   BANK0   BANK1   BANK2   BANK3   BANK4   BANK5   BANK6   BANK7
      Params:         4       0       0       0       0       0       0       0       0
      Locals:         0       0       0       0       0       0       0       0       0
      Temps:          0       0       0       0       0       0       0       0       0
      Totals:         4       0       0       0       0       0       0       0       0
Total ram usage:        4 bytes
 Hardware stack levels used:    1
 Hardware stack levels required when called:    4
 This function calls:
		_strcspn
		_strspn
 This function is called by:
		_parseGcode
 This function uses a non-reentrant model


 *************** function _strspn *****************
 Defined at:
		line 4 in file "C:\Program Files (x86)\Microchip\xc8\v1.36\sources\common\strspn.c"
 Parameters:    Size  Location     Type
  s1              2   21[COMRAM] PTR const unsigned char 
		 -> NULL(0), uart_str(40), 
  s2              2   23[COMRAM] PTR const unsigned char 
		 -> STR_2(2), STR_1(2), 
 Auto vars:     Size  Location     Type
  i               2   26[COMRAM] unsigned int 
 Return value:  Size  Location     Type
                  2   21[COMRAM] unsigned int 
 Registers used:
		wreg, fsr0l, fsr0h, fsr2l, fsr2h, status,2, status,0, tblptrl, tblptrh, tblptru, cstack
 Tracked objects:
		On entry : 
		On exit  : 
		Unchanged: 
 Data sizes:     COMRAM   BANK0   BANK1   BANK2   BANK3   BANK4   BANK5   BANK6   BANK7
      Params:         4       0       0       0       0       0       0       0       0
      Locals:         2       0       0       0       0       0       0       0       0
      Temps:          1       0       0       0       0       0       0       0       0
      Totals:         7       0       0       0       0       0       0       0       0
Total ram usage:        7 bytes
 Hardware stack levels used:    1
 Hardware stack levels required when called:    3
 This function calls:
		_strchr
 This function is called by:
		_strtok
 This function uses a non-reentrant model


 *************** function _strcspn *****************
 Defined at:
		line 4 in file "C:\Program Files (x86)\Microchip\xc8\v1.36\sources\common\strcspn.c"
 Parameters:    Size  Location     Type
  s1              2   21[COMRAM] PTR const unsigned char 
		 -> NULL(0), uart_str(40), 
  s2              2   23[COMRAM] PTR const unsigned char 
		 -> STR_2(2), STR_1(2), 
 Auto vars:     Size  Location     Type
  i               2   26[COMRAM] unsigned int 
 Return value:  Size  Location     Type
                  2   21[COMRAM] unsigned int 
 Registers used:
		wreg, fsr0l, fsr0h, fsr2l, fsr2h, status,2, status,0, tblptrl, tblptrh, tblptru, cstack
 Tracked objects:
		On entry : 
		On exit  : 
		Unchanged: 
 Data sizes:     COMRAM   BANK0   BANK1   BANK2   BANK3   BANK4   BANK5   BANK6   BANK7
      Params:         4       0       0       0       0       0       0       0       0
      Locals:         2       0       0       0       0       0       0       0       0
      Temps:          1       0       0       0       0       0       0       0       0
      Totals:         7       0       0       0       0       0       0       0       0
Total ram usage:        7 bytes
 Hardware stack levels used:    1
 Hardware stack levels required when called:    3
 This function calls:
		_strchr
 This function is called by:
		_strtok
 This function uses a non-reentrant model


 *************** function _strchr *****************
 Defined at:
		line 4 in file "C:\Program Files (x86)\Microchip\xc8\v1.36\sources\common\strchr.c"
 Parameters:    Size  Location     Type
  ptr             2   15[COMRAM] PTR const unsigned char 
		 -> STR_2(2), STR_1(2), uart_str(40), 
  chr             2   17[COMRAM] int 
 Auto vars:     Size  Location     Type
		None
 Return value:  Size  Location     Type
                  2   15[COMRAM] PTR unsigned char 
 Registers used:
		wreg, fsr0l, fsr0h, status,2, status,0, tblptrl, tblptrh, tblptru
 Tracked objects:
		On entry : 
		On exit  : 
		Unchanged: 
 Data sizes:     COMRAM   BANK0   BANK1   BANK2   BANK3   BANK4   BANK5   BANK6   BANK7
      Params:         4       0       0       0       0       0       0       0       0
      Locals:         0       0       0       0       0       0       0       0       0
      Temps:          2       0       0       0       0       0       0       0       0
      Totals:         6       0       0       0       0       0       0       0       0
Total ram usage:        6 bytes
 Hardware stack levels used:    1
 Hardware stack levels required when called:    2
 This function calls:
		Nothing
 This function is called by:
		_parseGcode
		_strcspn
		_strspn
 This function uses a non-reentrant model


 *************** function _sprintf *****************
 Defined at:
		line 492 in file "C:\Program Files (x86)\Microchip\xc8\v1.36\sources\common\doprnt.c"
 Parameters:    Size  Location     Type
  sp              2    9[BANK0 ] PTR unsigned char 
		 -> parseGcode@finalposition(40), 
  f               2   11[BANK0 ] PTR const unsigned char 
		 -> STR_4(16), STR_3(19), 
 Auto vars:     Size  Location     Type
  tmpval          4   41[BANK0 ] struct .
  val             4   35[BANK0 ] unsigned long 
  fval            3   47[BANK0 ] unsigned long 
  cp              3    0        PTR const unsigned char 
  prec            2   45[BANK0 ] int 
  exp             2   39[BANK0 ] int 
  flag            2   33[BANK0 ] unsigned short 
  ap              2   31[BANK0 ] PTR void [1]
		 -> ?_sprintf(2), 
  len             2    0        unsigned int 
  width           2    0        int 
  c               1   50[BANK0 ] char 
  d               1    0        unsigned char 
 Return value:  Size  Location     Type
[...]
 Parameters:    Size  Location     Type
  f1              3   35[COMRAM] float 
  f2              3   38[COMRAM] float 
 Auto vars:     Size  Location     Type
  f3_as_produc    3   45[COMRAM] unsigned um
  sign            1   49[COMRAM] unsigned char 
  cntr            1   48[COMRAM] unsigned char 
  exp             1   44[COMRAM] unsigned char 
 Return value:  Size  Location     Type
                  3   35[COMRAM] float 
 Registers used:
		wreg, status,2, status,0, cstack
 Tracked objects:
		On entry : 
		On exit  : 
		Unchanged: 
 Data sizes:     COMRAM   BANK0   BANK1   BANK2   BANK3   BANK4   BANK5   BANK6   BANK7
      Params:         6       0       0       0       0       0       0       0       0
      Locals:         6       0       0       0       0       0       0       0       0
      Temps:          3       0       0       0       0       0       0       0       0
      Totals:        15       0       0       0       0       0       0       0       0
Total ram usage:       15 bytes
 Hardware stack levels used:    1
 Hardware stack levels required when called:    3
 This function calls:
		___ftpack
 This function is called by:
		_linearMove1Axis
		_linearMove2Axis
		_fround
		_scale
		_sprintf
		_strtod
 This function uses a non-reentrant model


 *************** function ___ftge *****************
 Defined at:
		line 4 in file "C:\Program Files (x86)\Microchip\xc8\v1.36\sources\common\ftge.c"
 Parameters:    Size  Location     Type
  ff1             3   15[COMRAM] float 
  ff2             3   18[COMRAM] float 
 Auto vars:     Size  Location     Type
		None
 Return value:  Size  Location     Type
		None               void
 Registers used:
		wreg, status,2, status,0
 Tracked objects:
		On entry : 
		On exit  : 
		Unchanged: 
 Data sizes:     COMRAM   BANK0   BANK1   BANK2   BANK3   BANK4   BANK5   BANK6   BANK7
      Params:         6       0       0       0       0       0       0       0       0
      Locals:         0       0       0       0       0       0       0       0       0
      Temps:          3       0       0       0       0       0       0       0       0
      Totals:         9       0       0       0       0       0       0       0       0
Total ram usage:        9 bytes
 Hardware stack levels used:    1
 Hardware stack levels required when called:    2
 This function calls:
		Nothing
 This function is called by:
		_linearMove1Axis
		_linearMove2Axis
		_sprintf
		_strtod
 This function uses a non-reentrant model


 *************** function ___ftdiv *****************
 Defined at:
		line 54 in file "C:\Program Files (x86)\Microchip\xc8\v1.36\sources\common\ftdiv.c"
 Parameters:    Size  Location     Type
  f1              3   27[COMRAM] float 
  f2              3   30[COMRAM] float 
 Auto vars:     Size  Location     Type
  f3              3   37[COMRAM] float 
  sign            1   41[COMRAM] unsigned char 
  exp             1   40[COMRAM] unsigned char 
  cntr            1   36[COMRAM] unsigned char 
 Return value:  Size  Location     Type
                  3   27[COMRAM] float 
 Registers used:
		wreg, status,2, status,0, cstack
 Tracked objects:
		On entry : 
		On exit  : 
		Unchanged: 
 Data sizes:     COMRAM   BANK0   BANK1   BANK2   BANK3   BANK4   BANK5   BANK6   BANK7
      Params:         6       0       0       0       0       0       0       0       0
      Locals:         6       0       0       0       0       0       0       0       0
      Temps:          3       0       0       0       0       0       0       0       0
      Totals:        15       0       0       0       0       0       0       0       0
Total ram usage:       15 bytes
 Hardware stack levels used:    1
 Hardware stack levels required when called:    3
 This function calls:
		___ftpack
 This function is called by:
		_linearMove1Axis
		_linearMove2Axis
		_calculate_motordelay
		_moveToSwitch
		_strtod
 This function uses a non-reentrant model


 *************** function ___altoft *****************
 Defined at:
		line 42 in file "C:\Program Files (x86)\Microchip\xc8\v1.36\sources\common\altoft.c"
 Parameters:    Size  Location     Type
  c               4   23[COMRAM] long 
 Auto vars:     Size  Location     Type
  sign            1   32[COMRAM] unsigned char 
  exp             1   31[COMRAM] unsigned char 
 Return value:  Size  Location     Type
                  3   23[COMRAM] float 
 Registers used:
		wreg, status,2, status,0, cstack
 Tracked objects:
		On entry : 
		On exit  : 
		Unchanged: 
 Data sizes:     COMRAM   BANK0   BANK1   BANK2   BANK3   BANK4   BANK5   BANK6   BANK7
      Params:         4       0       0       0       0       0       0       0       0
      Locals:         2       0       0       0       0       0       0       0       0
      Temps:          4       0       0       0       0       0       0       0       0
      Totals:        10       0       0       0       0       0       0       0       0
Total ram usage:       10 bytes
 Hardware stack levels used:    1
 Hardware stack levels required when called:    3
 This function calls:
		___ftpack
 This function is called by:
		_strtod
 This function uses a non-reentrant model


 *************** function ___ftpack *****************
 Defined at:
		line 62 in file "C:\Program Files (x86)\Microchip\xc8\v1.36\sources\common\float.c"
 Parameters:    Size  Location     Type
  arg             3   15[COMRAM] unsigned um
  exp             1   18[COMRAM] unsigned char 
  sign            1   19[COMRAM] unsigned char 
 Auto vars:     Size  Location     Type
		None
 Return value:  Size  Location     Type
                  3   15[COMRAM] float 
 Registers used:
		wreg, status,2, status,0
 Tracked objects:
		On entry : 
		On exit  : 
		Unchanged: 
 Data sizes:     COMRAM   BANK0   BANK1   BANK2   BANK3   BANK4   BANK5   BANK6   BANK7
      Params:         5       0       0       0       0       0       0       0       0
      Locals:         0       0       0       0       0       0       0       0       0
      Temps:          3       0       0       0       0       0       0       0       0
      Totals:         8       0       0       0       0       0       0       0       0
Total ram usage:        8 bytes
 Hardware stack levels used:    1
 Hardware stack levels required when called:    2
 This function calls:
		Nothing
 This function is called by:
		___altoft
		___awtoft
		___ftadd
		___ftdiv
		___ftmul
		___lltoft
		___lwtoft
 This function uses a non-reentrant model


 *************** function _blinkInitLed *****************
 Defined at:
		line 135 in file "system.c"
 Parameters:    Size  Location     Type
		None
 Auto vars:     Size  Location     Type
  i               1   23[COMRAM] unsigned char 
 Return value:  Size  Location     Type
                  1    wreg      void 
 Registers used:
		wreg, status,2, status,0, cstack
 Tracked objects:
		On entry : 
		On exit  : 
		Unchanged: 
 Data sizes:     COMRAM   BANK0   BANK1   BANK2   BANK3   BANK4   BANK5   BANK6   BANK7
      Params:         0       0       0       0       0       0       0       0       0
      Locals:         1       0       0       0       0       0       0       0       0
      Temps:          0       0       0       0       0       0       0       0       0
      Totals:         1       0       0       0       0       0       0       0       0
Total ram usage:        1 bytes
 Hardware stack levels used:    1
 Hardware stack levels required when called:    3
 This function calls:
		_delay_ms
 This function is called by:
		_main
 This function uses a non-reentrant model


 *************** function _delay_ms *****************
 Defined at:
		line 119 in file "system.c"
 Parameters:    Size  Location     Type
  ms              2   15[COMRAM] unsigned short 
 Auto vars:     Size  Location     Type
  us              2   21[COMRAM] unsigned int 
  current_time    2   19[COMRAM] unsigned int 
 Return value:  Size  Location     Type
                  1    wreg      void 
 Registers used:
		wreg, status,2, status,0
 Tracked objects:
		On entry : 
		On exit  : 
		Unchanged: 
 Data sizes:     COMRAM   BANK0   BANK1   BANK2   BANK3   BANK4   BANK5   BANK6   BANK7
      Params:         2       0       0       0       0       0       0       0       0
      Locals:         4       0       0       0       0       0       0       0       0
      Temps:          2       0       0       0       0       0       0       0       0
      Totals:         8       0       0       0       0       0       0       0       0
Total ram usage:        8 bytes
 Hardware stack levels used:    1
 Hardware stack levels required when called:    2
 This function calls:
		Nothing
 This function is called by:
		_blinkInitLed
		_execGcode
		_linearMove1Axis
		_linearMove2Axis
		_moveToSwitch
 This function uses a non-reentrant model


 *************** function _ISR *****************
 Defined at:
		line 38 in file "interrupt.c"
 Parameters:    Size  Location     Type
		None
 Auto vars:     Size  Location     Type
		None
 Return value:  Size  Location     Type
                  1    wreg      void 
 Registers used:
		wreg, fsr2l, fsr2h, status,2, status,0, cstack
 Tracked objects:
		On entry : 
		On exit  : 
		Unchanged: 
 Data sizes:     COMRAM   BANK0   BANK1   BANK2   BANK3   BANK4   BANK5   BANK6   BANK7
      Params:         0       0       0       0       0       0       0       0       0
      Locals:         0       0       0       0       0       0       0       0       0
      Temps:         14       0       0       0       0       0       0       0       0
      Totals:        14       0       0       0       0       0       0       0       0
Total ram usage:       14 bytes
 Hardware stack levels used:    1
 Hardware stack levels required when called:    1
 This function calls:
		_TMR0_interrupt
		_UART_interrupt
 This function is called by:
		Interrupt level 2
 This function uses a non-reentrant model


 *************** function _UART_interrupt *****************
 Defined at:
		line 68 in file "interrupt.c"
 Parameters:    Size  Location     Type
		None
 Auto vars:     Size  Location     Type
  byte            1    0[COMRAM] unsigned char 
 Return value:  Size  Location     Type
                  1    wreg      void 
 Registers used:
		wreg, fsr2l, fsr2h, status,2, status,0
 Tracked objects:
		On entry : 
		On exit  : 
		Unchanged: 
 Data sizes:     COMRAM   BANK0   BANK1   BANK2   BANK3   BANK4   BANK5   BANK6   BANK7
      Params:         0       0       0       0       0       0       0       0       0
      Locals:         1       0       0       0       0       0       0       0       0
      Temps:          0       0       0       0       0       0       0       0       0
      Totals:         1       0       0       0       0       0       0       0       0
Total ram usage:        1 bytes
 Hardware stack levels used:    1
 This function calls:
		Nothing
 This function is called by:
		_ISR
 This function uses a non-reentrant model


 *************** function _TMR0_interrupt *****************
 Defined at:
		line 97 in file "interrupt.c"
 Parameters:    Size  Location     Type
		None
 Auto vars:     Size  Location     Type
		None
 Return value:  Size  Location     Type
                  1    wreg      void 
 Registers used:
		wreg, status,2, status,0
 Tracked objects:
		On entry : 
		On exit  : 
		Unchanged: 
 Data sizes:     COMRAM   BANK0   BANK1   BANK2   BANK3   BANK4   BANK5   BANK6   BANK7
      Params:         0       0       0       0       0       0       0       0       0
      Locals:         0       0       0       0       0       0       0       0       0
      Temps:          0       0       0       0       0       0       0       0       0
      Totals:         0       0       0       0       0       0       0       0       0
Total ram usage:        0 bytes
 Hardware stack levels used:    1
 This function calls:
		Nothing
 This function is called by:
		_ISR
 This function uses a non-reentrant model



MODULE INFORMATION

Module		Function		Class		Link	Load	Size
C:\Program Files (x86)\Microchip\xc8\v1.36\sources\common\strchr.c
		_strchr        		CODE           	3C9C	0000	109

C:\Program Files (x86)\Microchip\xc8\v1.36\sources\common\strchr.c estimated size: 109

C:\Program Files (x86)\Microchip\xc8\v1.36\sources\common\awtoft.c
		___awtoft      		CODE           	4162	0000	57

C:\Program Files (x86)\Microchip\xc8\v1.36\sources\common\awtoft.c estimated size: 57

C:\Program Files (x86)\Microchip\xc8\v1.36\sources\common\altoft.c
		___altoft      		CODE           	3BB4	0000	121

C:\Program Files (x86)\Microchip\xc8\v1.36\sources\common\altoft.c estimated size: 121

C:\Program Files (x86)\Microchip\xc8\v1.36\sources\common\memset.c
		_memset        		CODE           	419A	0000	45

C:\Program Files (x86)\Microchip\xc8\v1.36\sources\common\memset.c estimated size: 45

C:\Program Files (x86)\Microchip\xc8\v1.36\sources\common\ftge.c
		___ftge        		CODE           	3928	0000	145

C:\Program Files (x86)\Microchip\xc8\v1.36\sources\common\ftge.c estimated size: 145

C:\Program Files (x86)\Microchip\xc8\v1.36\sources\common\fttol.c
		___fttol       		CODE           	3238	0000	285

C:\Program Files (x86)\Microchip\xc8\v1.36\sources\common\fttol.c estimated size: 285

C:\Program Files (x86)\Microchip\xc8\v1.36\sources\common\awdiv.c
		___awdiv       		CODE           	39B8	0000	133

C:\Program Files (x86)\Microchip\xc8\v1.36\sources\common\awdiv.c estimated size: 133

C:\Program Files (x86)\Microchip\xc8\v1.36\sources\common\ftadd.c
		___ftadd       		CODE           	2DE0	0000	511

C:\Program Files (x86)\Microchip\xc8\v1.36\sources\common\ftadd.c estimated size: 511

C:\Program Files (x86)\Microchip\xc8\v1.36\sources\common\lwtoft.c
		___lwtoft      		CODE           	423E	0000	37

C:\Program Files (x86)\Microchip\xc8\v1.36\sources\common\lwtoft.c estimated size: 37

C:\Program Files (x86)\Microchip\xc8\v1.36\sources\common\lldiv.c
		___lldiv       		CODE           	3A3C	0000	131

C:\Program Files (x86)\Microchip\xc8\v1.36\sources\common\lldiv.c estimated size: 131

C:\Program Files (x86)\Microchip\xc8\v1.36\sources\common\lltoft.c
		___lltoft      		CODE           	3DD6	0000	93

C:\Program Files (x86)\Microchip\xc8\v1.36\sources\common\lltoft.c estimated size: 93

C:\Program Files (x86)\Microchip\xc8\v1.36\sources\common\aldiv.c
		___aldiv       		CODE           	3634	0000	205

C:\Program Files (x86)\Microchip\xc8\v1.36\sources\common\aldiv.c estimated size: 205

C:\Program Files (x86)\Microchip\xc8\v1.36\sources\common\isspace.c
		_isspace       		CODE           	4218	0000	39

C:\Program Files (x86)\Microchip\xc8\v1.36\sources\common\isspace.c estimated size: 39

C:\Program Files (x86)\Microchip\xc8\v1.36\sources\common\strspn.c
		_strspn        		CODE           	3F2A	0000	81

C:\Program Files (x86)\Microchip\xc8\v1.36\sources\common\strspn.c estimated size: 81

gcode.c
		_parseGcode    		CODE           	2BDC	0000	517
		_moveToSwitch  		CODE           	3354	0000	263
		_execGcode     		CODE           	22FE	0000	895
		_linearMove1Axis		CODE           	16BA	0000	1183
		_linearMove2Axis		CODE           	10D2	0000	1513
		_calculate_motordelay		CODE           	267C	0000	795
		_homeAxis      		CODE           	4066	0000	75

gcode.c estimated size: 5241

C:\Program Files (x86)\Microchip\xc8\v1.36\sources\common\doprnt.c
		_scale         		CODE           	1B58	0000	1009
		_sprintf       		CODE           	08DE	0000	2037
		_fround        		CODE           	2996	0000	583

C:\Program Files (x86)\Microchip\xc8\v1.36\sources\common\doprnt.c estimated size: 3629

C:\Program Files (x86)\Microchip\xc8\v1.36\sources\common\ftneg.c
		___ftneg       		CODE           	4262	0000	37

C:\Program Files (x86)\Microchip\xc8\v1.36\sources\common\ftneg.c estimated size: 37

C:\Program Files (x86)\Microchip\xc8\v1.36\sources\common\ftdivl.c
		__tdiv_to_l_   		CODE           	2FDE	0000	307

C:\Program Files (x86)\Microchip\xc8\v1.36\sources\common\ftdivl.c estimated size: 307

C:\Program Files (x86)\Microchip\xc8\v1.36\sources\common\ftsub.c
		___ftsub       		CODE           	401A	0000	77

C:\Program Files (x86)\Microchip\xc8\v1.36\sources\common\ftsub.c estimated size: 77

C:\Program Files (x86)\Microchip\xc8\v1.36\sources\common\float.c
		___ftpack      		CODE           	387A	0000	175

C:\Program Files (x86)\Microchip\xc8\v1.36\sources\common\float.c estimated size: 175

C:\Program Files (x86)\Microchip\xc8\v1.36\sources\common\Umul16.c
		___wmul        		CODE           	41F2	0000	39

C:\Program Files (x86)\Microchip\xc8\v1.36\sources\common\Umul16.c estimated size: 39

interrupt.c
		_ISR           		CODE           	0008	0000	137
		_setupInterrupts		CODE           	42D8	0000	19
		_UART_interrupt		CODE           	40B0	0000	63
		_TMR0_interrupt		CODE           	42F6	0000	13

interrupt.c estimated size: 232

shared
		__powers_      		SMALLCONST     	0850	0000	40
		_dpowers       		SMALLCONST     	0801	0000	41
		__npowers_     		SMALLCONST     	0829	0000	40
		__initialization		CODE           	3D08	0000	91

shared estimated size: 212

C:\Program Files (x86)\Microchip\xc8\v1.36\sources\common\strtok.c
		_strtok        		CODE           	37CA	0000	177

C:\Program Files (x86)\Microchip\xc8\v1.36\sources\common\strtok.c estimated size: 177

C:\Program Files (x86)\Microchip\xc8\v1.36\sources\common\strcspn.c
		_strcspn       		CODE           	3F7A	0000	81

C:\Program Files (x86)\Microchip\xc8\v1.36\sources\common\strcspn.c estimated size: 81

C:\Program Files (x86)\Microchip\xc8\v1.36\sources\common\isdigit.c
		_isdigit       		CODE           	42A8	0000	31

C:\Program Files (x86)\Microchip\xc8\v1.36\sources\common\isdigit.c estimated size: 31

C:\Program Files (x86)\Microchip\xc8\v1.36\sources\common\ftmul.c
		___ftmul       		CODE           	345A	0000	245

C:\Program Files (x86)\Microchip\xc8\v1.36\sources\common\ftmul.c estimated size: 245

C:\Program Files (x86)\Microchip\xc8\v1.36\sources\common\awmod.c
		___awmod       		CODE           	3C2C	0000	113

C:\Program Files (x86)\Microchip\xc8\v1.36\sources\common\awmod.c estimated size: 113

C:\Program Files (x86)\Microchip\xc8\v1.36\sources\common\Umul32.c
		___lmul        		CODE           	3E32	0000	87

C:\Program Files (x86)\Microchip\xc8\v1.36\sources\common\Umul32.c estimated size: 87

usb.c
		_writeUSB      		CODE           	42EA	0000	13
		_setupUSB      		CODE           	3700	0000	203
		_writeUSBstring		CODE           	3ABE	0000	125

usb.c estimated size: 341

C:\Program Files (x86)\Microchip\xc8\v1.36\sources\common\fldivl.c
		__div_to_l_    		CODE           	3110	0000	297

C:\Program Files (x86)\Microchip\xc8\v1.36\sources\common\fldivl.c estimated size: 297

C:\Program Files (x86)\Microchip\xc8\v1.36\sources\common\ftdiv.c
		___ftdiv       		CODE           	354E	0000	231

C:\Program Files (x86)\Microchip\xc8\v1.36\sources\common\ftdiv.c estimated size: 231

C:\Program Files (x86)\Microchip\xc8\v1.36\sources\common\llmod.c
		___llmod       		CODE           	3D70	0000	103

C:\Program Files (x86)\Microchip\xc8\v1.36\sources\common\llmod.c estimated size: 103

main.c
		_main          		CODE           	412A	0000	57

main.c estimated size: 57

system.c
		_setupGPIO     		CODE           	3EDA	0000	81
		_delay_us      		CODE           	40EE	0000	61
		_blinkInitLed  		CODE           	41C6	0000	45
		_setupOscillator		CODE           	4302	0000	7
		_delay_ms      		CODE           	3FCA	0000	81
		_setupTimer    		CODE           	42C6	0000	19

system.c estimated size: 294

C:\Program Files (x86)\Microchip\xc8\v1.36\sources\common\atof.c
		_atof          		CODE           	4286	0000	35
		_strtod        		CODE           	1F48	0000	951

C:\Program Files (x86)\Microchip\xc8\v1.36\sources\common\atof.c estimated size: 986

C:\Program Files (x86)\Microchip\xc8\v1.36\sources\common\lwdiv.c
		___lwdiv       		CODE           	3E88	0000	83

C:\Program Files (x86)\Microchip\xc8\v1.36\sources\common\lwdiv.c estimated size: 83

